[ 1253554ms] [ERROR] Failed to load resource: the server responded with a status of 401 (Unauthorized) @ http://localhost:3000/api/documents/list:0
[ 1312524ms] [ERROR] Failed to load resource: the server responded with a status of 500 (Internal Server Error) @ http://localhost:3000/src/components/MessageBubble.tsx?t=1770802866949:0
[ 1312527ms] [ERROR] [vite] Failed to reload /src/components/MessageBubble.tsx. This could be due to syntax errors or importing non-existent modules. (see errors above) @ http://localhost:3000/@vite/client:881
[ 1353937ms] TypeError: Component is not a function
    at renderWithHooks (http://localhost:3000/node_modules/.vite/deps/chunk-KDCVS43I.js?v=a039b2e5:11596:26)
    at mountIndeterminateComponent (http://localhost:3000/node_modules/.vite/deps/chunk-KDCVS43I.js?v=a039b2e5:14974:21)
    at beginWork (http://localhost:3000/node_modules/.vite/deps/chunk-KDCVS43I.js?v=a039b2e5:15962:22)
    at HTMLUnknownElement.callCallback2 (http://localhost:3000/node_modules/.vite/deps/chunk-KDCVS43I.js?v=a039b2e5:3680:22)
    at Object.invokeGuardedCallbackDev (http://localhost:3000/node_modules/.vite/deps/chunk-KDCVS43I.js?v=a039b2e5:3705:24)
    at invokeGuardedCallback (http://localhost:3000/node_modules/.vite/deps/chunk-KDCVS43I.js?v=a039b2e5:3739:39)
    at beginWork$1 (http://localhost:3000/node_modules/.vite/deps/chunk-KDCVS43I.js?v=a039b2e5:19818:15)
    at performUnitOfWork (http://localhost:3000/node_modules/.vite/deps/chunk-KDCVS43I.js?v=a039b2e5:19251:20)
    at workLoopSync (http://localhost:3000/node_modules/.vite/deps/chunk-KDCVS43I.js?v=a039b2e5:19190:13)
    at renderRootSync (http://localhost:3000/node_modules/.vite/deps/chunk-KDCVS43I.js?v=a039b2e5:19169:15)
[ 1353943ms] TypeError: Component is not a function
    at renderWithHooks (http://localhost:3000/node_modules/.vite/deps/chunk-KDCVS43I.js?v=a039b2e5:11596:26)
    at mountIndeterminateComponent (http://localhost:3000/node_modules/.vite/deps/chunk-KDCVS43I.js?v=a039b2e5:14974:21)
    at beginWork (http://localhost:3000/node_modules/.vite/deps/chunk-KDCVS43I.js?v=a039b2e5:15962:22)
    at HTMLUnknownElement.callCallback2 (http://localhost:3000/node_modules/.vite/deps/chunk-KDCVS43I.js?v=a039b2e5:3680:22)
    at Object.invokeGuardedCallbackDev (http://localhost:3000/node_modules/.vite/deps/chunk-KDCVS43I.js?v=a039b2e5:3705:24)
    at invokeGuardedCallback (http://localhost:3000/node_modules/.vite/deps/chunk-KDCVS43I.js?v=a039b2e5:3739:39)
    at beginWork$1 (http://localhost:3000/node_modules/.vite/deps/chunk-KDCVS43I.js?v=a039b2e5:19818:15)
    at performUnitOfWork (http://localhost:3000/node_modules/.vite/deps/chunk-KDCVS43I.js?v=a039b2e5:19251:20)
    at workLoopSync (http://localhost:3000/node_modules/.vite/deps/chunk-KDCVS43I.js?v=a039b2e5:19190:13)
    at renderRootSync (http://localhost:3000/node_modules/.vite/deps/chunk-KDCVS43I.js?v=a039b2e5:19169:15)
[ 1353951ms] TypeError: Component is not a function
    at renderWithHooks (http://localhost:3000/node_modules/.vite/deps/chunk-KDCVS43I.js?v=a039b2e5:11596:26)
    at mountIndeterminateComponent (http://localhost:3000/node_modules/.vite/deps/chunk-KDCVS43I.js?v=a039b2e5:14974:21)
    at beginWork (http://localhost:3000/node_modules/.vite/deps/chunk-KDCVS43I.js?v=a039b2e5:15962:22)
    at HTMLUnknownElement.callCallback2 (http://localhost:3000/node_modules/.vite/deps/chunk-KDCVS43I.js?v=a039b2e5:3680:22)
    at Object.invokeGuardedCallbackDev (http://localhost:3000/node_modules/.vite/deps/chunk-KDCVS43I.js?v=a039b2e5:3705:24)
    at invokeGuardedCallback (http://localhost:3000/node_modules/.vite/deps/chunk-KDCVS43I.js?v=a039b2e5:3739:39)
    at beginWork$1 (http://localhost:3000/node_modules/.vite/deps/chunk-KDCVS43I.js?v=a039b2e5:19818:15)
    at performUnitOfWork (http://localhost:3000/node_modules/.vite/deps/chunk-KDCVS43I.js?v=a039b2e5:19251:20)
    at workLoopSync (http://localhost:3000/node_modules/.vite/deps/chunk-KDCVS43I.js?v=a039b2e5:19190:13)
    at renderRootSync (http://localhost:3000/node_modules/.vite/deps/chunk-KDCVS43I.js?v=a039b2e5:19169:15)
[ 1353953ms] TypeError: Component is not a function
    at renderWithHooks (http://localhost:3000/node_modules/.vite/deps/chunk-KDCVS43I.js?v=a039b2e5:11596:26)
    at mountIndeterminateComponent (http://localhost:3000/node_modules/.vite/deps/chunk-KDCVS43I.js?v=a039b2e5:14974:21)
    at beginWork (http://localhost:3000/node_modules/.vite/deps/chunk-KDCVS43I.js?v=a039b2e5:15962:22)
    at HTMLUnknownElement.callCallback2 (http://localhost:3000/node_modules/.vite/deps/chunk-KDCVS43I.js?v=a039b2e5:3680:22)
    at Object.invokeGuardedCallbackDev (http://localhost:3000/node_modules/.vite/deps/chunk-KDCVS43I.js?v=a039b2e5:3705:24)
    at invokeGuardedCallback (http://localhost:3000/node_modules/.vite/deps/chunk-KDCVS43I.js?v=a039b2e5:3739:39)
    at beginWork$1 (http://localhost:3000/node_modules/.vite/deps/chunk-KDCVS43I.js?v=a039b2e5:19818:15)
    at performUnitOfWork (http://localhost:3000/node_modules/.vite/deps/chunk-KDCVS43I.js?v=a039b2e5:19251:20)
    at workLoopSync (http://localhost:3000/node_modules/.vite/deps/chunk-KDCVS43I.js?v=a039b2e5:19190:13)
    at renderRootSync (http://localhost:3000/node_modules/.vite/deps/chunk-KDCVS43I.js?v=a039b2e5:19169:15)
[ 1353955ms] [ERROR] The above error occurred in one of your React components:

    at main
    at div
    at ChatWindow (http://localhost:3000/src/components/ChatWindow.tsx?t=1770802788313:30:81)
    at App (http://localhost:3000/src/App.tsx?t=1770802788313:23:20)

Consider adding an error boundary to your tree to customize error handling behavior.
Visit https://reactjs.org/link/error-boundaries to learn more about error boundaries. @ http://localhost:3000/node_modules/.vite/deps/chunk-KDCVS43I.js?v=a039b2e5:14079
[ 1353955ms] [ERROR] The above error occurred in one of your React components:

    at main
    at div
    at ChatWindow (http://localhost:3000/src/components/ChatWindow.tsx?t=1770802788313:30:81)
    at App (http://localhost:3000/src/App.tsx?t=1770802788313:23:20)

Consider adding an error boundary to your tree to customize error handling behavior.
Visit https://reactjs.org/link/error-boundaries to learn more about error boundaries. @ http://localhost:3000/node_modules/.vite/deps/chunk-KDCVS43I.js?v=a039b2e5:14079
[ 1353960ms] TypeError: Component is not a function
    at renderWithHooks (http://localhost:3000/node_modules/.vite/deps/chunk-KDCVS43I.js?v=a039b2e5:11596:26)
    at mountIndeterminateComponent (http://localhost:3000/node_modules/.vite/deps/chunk-KDCVS43I.js?v=a039b2e5:14974:21)
    at beginWork (http://localhost:3000/node_modules/.vite/deps/chunk-KDCVS43I.js?v=a039b2e5:15962:22)
    at beginWork$1 (http://localhost:3000/node_modules/.vite/deps/chunk-KDCVS43I.js?v=a039b2e5:19806:22)
    at performUnitOfWork (http://localhost:3000/node_modules/.vite/deps/chunk-KDCVS43I.js?v=a039b2e5:19251:20)
    at workLoopSync (http://localhost:3000/node_modules/.vite/deps/chunk-KDCVS43I.js?v=a039b2e5:19190:13)
    at renderRootSync (http://localhost:3000/node_modules/.vite/deps/chunk-KDCVS43I.js?v=a039b2e5:19169:15)
    at recoverFromConcurrentError (http://localhost:3000/node_modules/.vite/deps/chunk-KDCVS43I.js?v=a039b2e5:18786:28)
    at performSyncWorkOnRoot (http://localhost:3000/node_modules/.vite/deps/chunk-KDCVS43I.js?v=a039b2e5:18932:28)
    at flushSyncCallbacks (http://localhost:3000/node_modules/.vite/deps/chunk-KDCVS43I.js?v=a039b2e5:9166:30)
[ 1592904ms] [ERROR] Failed to load resource: the server responded with a status of 500 (Internal Server Error) @ http://localhost:3000/src/components/ChatWindow.tsx?t=1770803147390:0
[ 1592904ms] [ERROR] [vite] Failed to reload /src/components/ChatWindow.tsx. This could be due to syntax errors or importing non-existent modules. (see errors above) @ http://localhost:3000/@vite/client:881
[ 1677377ms] [ERROR] Warning: React has detected a change in the order of Hooks called by %s. This will lead to bugs and errors if not fixed. For more information, read the Rules of Hooks: https://reactjs.org/link/rules-of-hooks

   Previous render            Next render
   ------------------------------------------------------
%s   ^^^^^^^^^^^^^^^^^^^^^^^^^^^^^^^^^^^^^^^^^^^^^^^^^^^^^^
%s ChatWindow 1. useCallback                useCallback
2. useCallback                useCallback
3. useSyncExternalStore       useSyncExternalStore
4. useDebugValue              useDebugValue
5. useRef                     useRef
6. useCallback                useCallback
7. useCallback                useCallback
8. useSyncExternalStore       useSyncExternalStore
9. useDebugValue              useDebugValue
10. useEffect                 useEffect
11. useCallback               useCallback
12. useCallback               useCallback
13. useState                  useState
14. useRef                    useRef
15. useRef                    useRef
16. useRef                    useRef
17. useRef                    useRef
18. useState                  useState
19. useState                  useState
20. useState                  useState
21. useState                  useState
22. useRef                    useState
 
    at ChatWindow (http://localhost:3000/src/components/ChatWindow.tsx?t=1770803231811:30:104)
    at App (http://localhost:3000/src/App.tsx?t=1770802788313:23:20) @ http://localhost:3000/node_modules/.vite/deps/chunk-KDCVS43I.js?v=a039b2e5:520
[ 1677384ms] Error: Should have a queue. This is likely a bug in React. Please file an issue.
    at updateReducer (http://localhost:3000/node_modules/.vite/deps/chunk-KDCVS43I.js?v=a039b2e5:11778:19)
    at updateState (http://localhost:3000/node_modules/.vite/deps/chunk-KDCVS43I.js?v=a039b2e5:12069:18)
    at Object.useState (http://localhost:3000/node_modules/.vite/deps/chunk-KDCVS43I.js?v=a039b2e5:12801:24)
    at useState (http://localhost:3000/node_modules/.vite/deps/chunk-RLJ2RCJQ.js?v=a039b2e5:1066:29)
    at useVoice (http://localhost:3000/src/hooks/useVoice.ts?t=1770803231811:4:39)
    at ChatWindow (http://localhost:3000/src/components/ChatWindow.tsx?t=1770803231811:40:58)
    at renderWithHooks (http://localhost:3000/node_modules/.vite/deps/chunk-KDCVS43I.js?v=a039b2e5:11596:26)
    at updateFunctionComponent (http://localhost:3000/node_modules/.vite/deps/chunk-KDCVS43I.js?v=a039b2e5:14630:28)
    at beginWork (http://localhost:3000/node_modules/.vite/deps/chunk-KDCVS43I.js?v=a039b2e5:15972:22)
    at HTMLUnknownElement.callCallback2 (http://localhost:3000/node_modules/.vite/deps/chunk-KDCVS43I.js?v=a039b2e5:3680:22)
[ 1677385ms] Error: Should have a queue. This is likely a bug in React. Please file an issue.
    at updateReducer (http://localhost:3000/node_modules/.vite/deps/chunk-KDCVS43I.js?v=a039b2e5:11778:19)
    at updateState (http://localhost:3000/node_modules/.vite/deps/chunk-KDCVS43I.js?v=a039b2e5:12069:18)
    at Object.useState (http://localhost:3000/node_modules/.vite/deps/chunk-KDCVS43I.js?v=a039b2e5:12801:24)
    at useState (http://localhost:3000/node_modules/.vite/deps/chunk-RLJ2RCJQ.js?v=a039b2e5:1066:29)
    at useVoice (http://localhost:3000/src/hooks/useVoice.ts?t=1770803231811:4:39)
    at ChatWindow (http://localhost:3000/src/components/ChatWindow.tsx?t=1770803231811:40:58)
    at renderWithHooks (http://localhost:3000/node_modules/.vite/deps/chunk-KDCVS43I.js?v=a039b2e5:11596:26)
    at updateFunctionComponent (http://localhost:3000/node_modules/.vite/deps/chunk-KDCVS43I.js?v=a039b2e5:14630:28)
    at beginWork (http://localhost:3000/node_modules/.vite/deps/chunk-KDCVS43I.js?v=a039b2e5:15972:22)
    at HTMLUnknownElement.callCallback2 (http://localhost:3000/node_modules/.vite/deps/chunk-KDCVS43I.js?v=a039b2e5:3680:22)
[ 1677386ms] [ERROR] The above error occurred in the <ChatWindow> component:

    at ChatWindow (http://localhost:3000/src/components/ChatWindow.tsx?t=1770803231811:30:104)
    at App (http://localhost:3000/src/App.tsx?t=1770802788313:23:20)

Consider adding an error boundary to your tree to customize error handling behavior.
Visit https://reactjs.org/link/error-boundaries to learn more about error boundaries. @ http://localhost:3000/node_modules/.vite/deps/chunk-KDCVS43I.js?v=a039b2e5:14079
[ 1677392ms] Error: Should have a queue. This is likely a bug in React. Please file an issue.
    at updateReducer (http://localhost:3000/node_modules/.vite/deps/chunk-KDCVS43I.js?v=a039b2e5:11778:19)
    at updateState (http://localhost:3000/node_modules/.vite/deps/chunk-KDCVS43I.js?v=a039b2e5:12069:18)
    at Object.useState (http://localhost:3000/node_modules/.vite/deps/chunk-KDCVS43I.js?v=a039b2e5:12801:24)
    at useState (http://localhost:3000/node_modules/.vite/deps/chunk-RLJ2RCJQ.js?v=a039b2e5:1066:29)
    at useVoice (http://localhost:3000/src/hooks/useVoice.ts?t=1770803231811:4:39)
    at ChatWindow (http://localhost:3000/src/components/ChatWindow.tsx?t=1770803231811:40:58)
    at renderWithHooks (http://localhost:3000/node_modules/.vite/deps/chunk-KDCVS43I.js?v=a039b2e5:11596:26)
    at updateFunctionComponent (http://localhost:3000/node_modules/.vite/deps/chunk-KDCVS43I.js?v=a039b2e5:14630:28)
    at beginWork (http://localhost:3000/node_modules/.vite/deps/chunk-KDCVS43I.js?v=a039b2e5:15972:22)
    at beginWork$1 (http://localhost:3000/node_modules/.vite/deps/chunk-KDCVS43I.js?v=a039b2e5:19806:22)
[ 2254635ms] [ERROR] Failed to load resource: the server responded with a status of 401 (Unauthorized) @ http://localhost:3000/api/chat/sessions:0
[ 2293727ms] [ERROR] Failed to load resource: the server responded with a status of 401 (Unauthorized) @ http://localhost:3000/api/chat/sessions:0
